// Jest Snapshot v1, https://goo.gl/fbAQLP

exports[`Tests for the Button component Component matches snapshot 1`] = `
<div>
  <button
    class="sc-bdVaJa eVEMrn"
    type="button"
  >
    BUTTON_CAPTION
  </button>
</div>
`;
